###############################################################################
#
# IAR ELF Linker V9.10.1.308/W64 for ARM                  22/Mar/2021  16:32:49
# Copyright 2007-2021 IAR Systems AB.
#
#    Output file  =
#        C:\Users\Beto\Desktop\gabi\EK-TM4C1294_SM_IAR8-main\Projects\asm_example\Debug\Exe\asm_example.out
#    Map file     =
#        C:\Users\Beto\Desktop\gabi\EK-TM4C1294_SM_IAR8-main\Projects\asm_example\Debug\List\asm_example.map
#    Command line =
#        -f
#        C:\Users\Beto\Desktop\gabi\EK-TM4C1294_SM_IAR8-main\Projects\asm_example\Debug\Exe\asm_example.out.rsp
#        (C:\Users\Beto\Desktop\gabi\EK-TM4C1294_SM_IAR8-main\Projects\asm_example\Debug\Obj\asm.o
#        --no_out_extension -o
#        C:\Users\Beto\Desktop\gabi\EK-TM4C1294_SM_IAR8-main\Projects\asm_example\Debug\Exe\asm_example.out
#        --redirect _Printf=_PrintfFullNoMb --redirect _Scanf=_ScanfFullNoMb
#        --map
#        C:\Users\Beto\Desktop\gabi\EK-TM4C1294_SM_IAR8-main\Projects\asm_example\Debug\List\asm_example.map
#        --config "C:\Program Files\IAR Systems\Embedded Workbench
#        9.0\arm\CONFIG\generic_cortex.icf" --semihosting --no_library_search
#        --entry __iar_program_start --vfe --text_out locale)
#
###############################################################################

*******************************************************************************
*** PLACEMENT SUMMARY
***

"A0":  place at address 0x0 { ro section .intvec };
"P1":  place in [from 0x0 to 0x7'ffff] { ro };
define block CSTACK with size = 1K, alignment = 8 { };
define block PROC_STACK with size = 0, alignment = 8 { };
define block HEAP with size = 2K, alignment = 8 { };
"P2":  place in [from 0x2000'0000 to 0x2000'ffff] {
          rw, block CSTACK, block PROC_STACK, block HEAP };

No sections matched the following patterns:

  rw  in "P2"


  Section   Kind         Address   Size  Object
  -------   ----         -------   ----  ------
"A0":                              0x40
  .intvec   ro code          0x0   0x40  asm.o [1]
                          - 0x40   0x40

"P1":                              0x4e
  .text     ro code         0x40   0x4c  asm.o [1]
  .text     ro code         0x8c    0x2  asm.o [1]
                          - 0x8e   0x4e

"P2":                             0x400
  CSTACK             0x2000'0000  0x400  <Block>
    CSTACK  uninit   0x2000'0000  0x400  <Block tail>
                   - 0x2000'0400  0x400

Unused ranges:

         From           To      Size
         ----           --      ----
         0x8e     0x7'ffff  0x7'ff72
  0x2000'0400  0x2000'ffff    0xfc00



*******************************************************************************
*** MODULE SUMMARY
***

    Module          ro code  rw data
    ------          -------  -------
command line/config:
    --------------------------------
    Total:

C:\Users\Beto\Desktop\gabi\EK-TM4C1294_SM_IAR8-main\Projects\asm_example\Debug\Obj: [1]
    asm.o               142
    --------------------------------
    Total:              142

    Linker created             1'024
------------------------------------
    Grand Total:        142    1'024


*******************************************************************************
*** ENTRY LIST
***

Entry                    Address  Size  Type      Object
-----                    -------  ----  ----      ------
CSTACK$$Base         0x2000'0000         --   Gb  - Linker created -
CSTACK$$Limit        0x2000'0400         --   Gb  - Linker created -
__iar_program_start         0x41        Code  Gb  asm.o [1]
__vector_table               0x0        Data  Gb  asm.o [1]


[1] = C:\Users\Beto\Desktop\gabi\EK-TM4C1294_SM_IAR8-main\Projects\asm_example\Debug\Obj

    142 bytes of readonly  code memory
  1'024 bytes of readwrite data memory

Errors: none
Warnings: none
